Copyright 1986-2017 Xilinx, Inc. All Rights Reserved.
----------------------------------------------------------------------------------------------------------------------------------------------------------------------------------------------------------------------------
| Tool Version     : Vivado v.2017.4 (win64) Build 2086221 Fri Dec 15 20:55:39 MST 2017
| Date             : Wed Jul  9 21:52:38 2025
| Host             : DESKTOP-MN1CKLB running 64-bit major release  (build 9200)
| Command          : report_power -file aes_128_encryption_overlay_wrapper_power_routed.rpt -pb aes_128_encryption_overlay_wrapper_power_summary_routed.pb -rpx aes_128_encryption_overlay_wrapper_power_routed.rpx
| Design           : aes_128_encryption_overlay_wrapper
| Device           : xc7z020clg400-1
| Design State     : routed
| Grade            : commercial
| Process          : typical
| Characterization : Production
----------------------------------------------------------------------------------------------------------------------------------------------------------------------------------------------------------------------------

Power Report

Table of Contents
-----------------
1. Summary
1.1 On-Chip Components
1.2 Power Supply Summary
1.3 Confidence Level
2. Settings
2.1 Environment
2.2 Clock Constraints
3. Detailed Reports
3.1 By Hierarchy

1. Summary
----------

+--------------------------+--------------+
| Total On-Chip Power (W)  | 1.863        |
| Design Power Budget (W)  | Unspecified* |
| Power Budget Margin (W)  | NA           |
| Dynamic (W)              | 1.705        |
| Device Static (W)        | 0.158        |
| Effective TJA (C/W)      | 11.5         |
| Max Ambient (C)          | 63.5         |
| Junction Temperature (C) | 46.5         |
| Confidence Level         | Medium       |
| Setting File             | ---          |
| Simulation Activity File | ---          |
| Design Nets Matched      | NA           |
+--------------------------+--------------+
* Specify Design Power Budget using, set_operating_conditions -design_power_budget <value in Watts>


1.1 On-Chip Components
----------------------

+-------------------------+-----------+----------+-----------+-----------------+
| On-Chip                 | Power (W) | Used     | Available | Utilization (%) |
+-------------------------+-----------+----------+-----------+-----------------+
| Clocks                  |     0.028 |        3 |       --- |             --- |
| Slice Logic             |     0.032 |     9793 |       --- |             --- |
|   LUT as Logic          |     0.030 |     3076 |     53200 |            5.78 |
|   Register              |     0.002 |     4896 |    106400 |            4.60 |
|   F7/F8 Muxes           |    <0.001 |       96 |     53200 |            0.18 |
|   CARRY4                |    <0.001 |       12 |     13300 |            0.09 |
|   LUT as Shift Register |    <0.001 |       60 |     17400 |            0.34 |
|   Others                |     0.000 |      572 |       --- |             --- |
| Signals                 |     0.067 |     9223 |       --- |             --- |
| Block RAM               |     0.322 |       86 |       140 |           61.43 |
| PS7                     |     1.256 |        1 |       --- |             --- |
| Static Power            |     0.158 |          |           |                 |
| Total                   |     1.863 |          |           |                 |
+-------------------------+-----------+----------+-----------+-----------------+


1.2 Power Supply Summary
------------------------

+-----------+-------------+-----------+-------------+------------+
| Source    | Voltage (V) | Total (A) | Dynamic (A) | Static (A) |
+-----------+-------------+-----------+-------------+------------+
| Vccint    |       1.000 |     0.446 |       0.424 |      0.022 |
| Vccaux    |       1.800 |     0.016 |       0.000 |      0.016 |
| Vcco33    |       3.300 |     0.000 |       0.000 |      0.000 |
| Vcco25    |       2.500 |     0.000 |       0.000 |      0.000 |
| Vcco18    |       1.800 |     0.000 |       0.000 |      0.000 |
| Vcco15    |       1.500 |     0.000 |       0.000 |      0.000 |
| Vcco135   |       1.350 |     0.000 |       0.000 |      0.000 |
| Vcco12    |       1.200 |     0.000 |       0.000 |      0.000 |
| Vccaux_io |       1.800 |     0.000 |       0.000 |      0.000 |
| Vccbram   |       1.000 |     0.032 |       0.025 |      0.007 |
| MGTAVcc   |       1.000 |     0.000 |       0.000 |      0.000 |
| MGTAVtt   |       1.200 |     0.000 |       0.000 |      0.000 |
| MGTVccaux |       1.800 |     0.000 |       0.000 |      0.000 |
| Vccpint   |       1.000 |     0.679 |       0.647 |      0.032 |
| Vccpaux   |       1.800 |     0.036 |       0.026 |      0.010 |
| Vccpll    |       1.800 |     0.017 |       0.014 |      0.003 |
| Vcco_ddr  |       1.500 |     0.354 |       0.352 |      0.002 |
| Vcco_mio0 |       3.300 |     0.003 |       0.002 |      0.001 |
| Vcco_mio1 |       1.800 |     0.003 |       0.002 |      0.001 |
| Vccadc    |       1.800 |     0.020 |       0.000 |      0.020 |
+-----------+-------------+-----------+-------------+------------+


1.3 Confidence Level
--------------------

+-----------------------------+------------+------------------------------------------------+------------------------------------------------------------------------------------------------------------+
| User Input Data             | Confidence | Details                                        | Action                                                                                                     |
+-----------------------------+------------+------------------------------------------------+------------------------------------------------------------------------------------------------------------+
| Design implementation state | High       | Design is routed                               |                                                                                                            |
| Clock nodes activity        | High       | User specified more than 95% of clocks         |                                                                                                            |
| I/O nodes activity          | High       | User specified more than 95% of inputs         |                                                                                                            |
| Internal nodes activity     | Medium     | User specified less than 25% of internal nodes | Provide missing internal nodes activity with simulation results or by editing the "By Resource Type" views |
| Device models               | High       | Device models are Production                   |                                                                                                            |
|                             |            |                                                |                                                                                                            |
| Overall confidence level    | Medium     |                                                |                                                                                                            |
+-----------------------------+------------+------------------------------------------------+------------------------------------------------------------------------------------------------------------+


2. Settings
-----------

2.1 Environment
---------------

+-----------------------+------------------------+
| Ambient Temp (C)      | 25.0                   |
| ThetaJA (C/W)         | 11.5                   |
| Airflow (LFM)         | 250                    |
| Heat Sink             | none                   |
| ThetaSA (C/W)         | 0.0                    |
| Board Selection       | medium (10"x10")       |
| # of Board Layers     | 8to11 (8 to 11 Layers) |
| Board Temperature (C) | 25.0                   |
+-----------------------+------------------------+


2.2 Clock Constraints
---------------------

+------------+-------------------------------------------------------------------------------+-----------------+
| Clock      | Domain                                                                        | Constraint (ns) |
+------------+-------------------------------------------------------------------------------+-----------------+
| clk_fpga_0 | aes_128_encryption_overlay_i/processing_system7_0/inst/FCLK_CLK_unbuffered[0] |            10.0 |
+------------+-------------------------------------------------------------------------------+-----------------+


3. Detailed Reports
-------------------

3.1 By Hierarchy
----------------

+--------------------------------------------------+-----------+
| Name                                             | Power (W) |
+--------------------------------------------------+-----------+
| aes_128_encryption_overlay_wrapper               |     1.705 |
|   aes_128_encryption_overlay_i                   |     1.705 |
|     aes_128_encryption_ip_0                      |     0.443 |
|       inst                                       |     0.443 |
|         aes_128_encryption_ip_v1_0_S00_AXI_inst  |     0.443 |
|           aes_i                                  |     0.439 |
|             a1                                   |     0.005 |
|               S4_0                               |     0.004 |
|                 S_1                              |     0.002 |
|                 S_3                              |     0.002 |
|             a10                                  |     0.008 |
|               S4_0                               |     0.006 |
|                 S_1                              |     0.003 |
|                 S_3                              |     0.003 |
|             a2                                   |     0.005 |
|               S4_0                               |     0.004 |
|                 S_1                              |     0.002 |
|                 S_3                              |     0.002 |
|             a3                                   |     0.005 |
|               S4_0                               |     0.004 |
|                 S_1                              |     0.002 |
|                 S_3                              |     0.002 |
|             a4                                   |     0.005 |
|               S4_0                               |     0.004 |
|                 S_1                              |     0.002 |
|                 S_3                              |     0.002 |
|             a5                                   |     0.007 |
|               S4_0                               |     0.005 |
|                 S_1                              |     0.002 |
|                 S_3                              |     0.002 |
|             a6                                   |     0.012 |
|               S4_0                               |     0.008 |
|                 S_1                              |     0.004 |
|                 S_3                              |     0.004 |
|             a7                                   |     0.015 |
|               S4_0                               |     0.011 |
|                 S_1                              |     0.005 |
|                 S_3                              |     0.005 |
|             a8                                   |     0.014 |
|               S4_0                               |     0.009 |
|                 S_1                              |     0.005 |
|                 S_3                              |     0.005 |
|             a9                                   |     0.015 |
|               S4_0                               |     0.010 |
|                 S_1                              |     0.005 |
|                 S_3                              |     0.005 |
|             r1                                   |     0.029 |
|               t0                                 |     0.007 |
|                 t0                               |     0.004 |
|                   s0__0                          |     0.002 |
|                   s4                             |     0.002 |
|                 t2                               |     0.004 |
|                   s0__0                          |     0.002 |
|                   s4                             |     0.002 |
|               t1                                 |     0.007 |
|                 t0                               |     0.004 |
|                   s0__0                          |     0.002 |
|                   s4                             |     0.002 |
|                 t2                               |     0.004 |
|                   s0__0                          |     0.002 |
|                   s4                             |     0.002 |
|               t2                                 |     0.007 |
|                 t0                               |     0.004 |
|                   s0__0                          |     0.002 |
|                   s4                             |     0.002 |
|                 t2                               |     0.004 |
|                   s0__0                          |     0.002 |
|                   s4                             |     0.002 |
|               t3                                 |     0.007 |
|                 t0                               |     0.004 |
|                   s0__0                          |     0.002 |
|                   s4                             |     0.002 |
|                 t2                               |     0.004 |
|                   s0__0                          |     0.002 |
|                   s4                             |     0.002 |
|             r2                                   |     0.029 |
|               t0                                 |     0.007 |
|                 t0                               |     0.004 |
|                   s0                             |     0.002 |
|                   s4                             |     0.002 |
|                 t2                               |     0.004 |
|                   s0                             |     0.002 |
|                   s4                             |     0.002 |
|               t1                                 |     0.007 |
|                 t0                               |     0.004 |
|                   s0                             |     0.002 |
|                   s4                             |     0.002 |
|                 t2                               |     0.004 |
|                   s0                             |     0.002 |
|                   s4                             |     0.002 |
|               t2                                 |     0.007 |
|                 t0                               |     0.004 |
|                   s0                             |     0.002 |
|                   s4                             |     0.002 |
|                 t2                               |     0.004 |
|                   s0                             |     0.002 |
|                   s4                             |     0.002 |
|               t3                                 |     0.007 |
|                 t0                               |     0.004 |
|                   s0                             |     0.002 |
|                   s4                             |     0.002 |
|                 t2                               |     0.004 |
|                   s0                             |     0.002 |
|                   s4                             |     0.002 |
|             r3                                   |     0.031 |
|               t0                                 |     0.007 |
|                 t0                               |     0.004 |
|                   s0                             |     0.002 |
|                   s4                             |     0.002 |
|                 t2                               |     0.004 |
|                   s0                             |     0.002 |
|                   s4                             |     0.002 |
|               t1                                 |     0.007 |
|                 t0                               |     0.004 |
|                   s0                             |     0.002 |
|                   s4                             |     0.002 |
|                 t2                               |     0.004 |
|                   s0                             |     0.002 |
|                   s4                             |     0.002 |
|               t2                                 |     0.007 |
|                 t0                               |     0.004 |
|                   s0                             |     0.002 |
|                   s4                             |     0.002 |
|                 t2                               |     0.004 |
|                   s0                             |     0.002 |
|                   s4                             |     0.002 |
|               t3                                 |     0.007 |
|                 t0                               |     0.004 |
|                   s0                             |     0.002 |
|                   s4                             |     0.002 |
|                 t2                               |     0.004 |
|                   s0                             |     0.002 |
|                   s4                             |     0.002 |
|             r4                                   |     0.040 |
|               t0                                 |     0.009 |
|                 t0                               |     0.005 |
|                   s0                             |     0.002 |
|                   s4                             |     0.002 |
|                 t2                               |     0.005 |
|                   s0                             |     0.002 |
|                   s4                             |     0.002 |
|               t1                                 |     0.009 |
|                 t0                               |     0.005 |
|                   s0                             |     0.002 |
|                   s4                             |     0.002 |
|                 t2                               |     0.005 |
|                   s0                             |     0.002 |
|                   s4                             |     0.002 |
|               t2                                 |     0.009 |
|                 t0                               |     0.005 |
|                   s0                             |     0.002 |
|                   s4                             |     0.003 |
|                 t2                               |     0.005 |
|                   s0                             |     0.002 |
|                   s4                             |     0.002 |
|               t3                                 |     0.009 |
|                 t0                               |     0.005 |
|                   s0                             |     0.002 |
|                   s4                             |     0.002 |
|                 t2                               |     0.005 |
|                   s0                             |     0.002 |
|                   s4                             |     0.002 |
|             r5                                   |     0.042 |
|               t0                                 |     0.009 |
|                 t0                               |     0.005 |
|                   s0                             |     0.002 |
|                   s4                             |     0.003 |
|                 t2                               |     0.005 |
|                   s0                             |     0.002 |
|                   s4                             |     0.002 |
|               t1                                 |     0.010 |
|                 t0                               |     0.005 |
|                   s0                             |     0.002 |
|                   s4                             |     0.003 |
|                 t2                               |     0.005 |
|                   s0                             |     0.002 |
|                   s4                             |     0.003 |
|               t2                                 |     0.009 |
|                 t0                               |     0.005 |
|                   s0                             |     0.002 |
|                   s4                             |     0.003 |
|                 t2                               |     0.005 |
|                   s0                             |     0.002 |
|                   s4                             |     0.002 |
|               t3                                 |     0.010 |
|                 t0                               |     0.005 |
|                   s0                             |     0.002 |
|                   s4                             |     0.003 |
|                 t2                               |     0.005 |
|                   s0                             |     0.002 |
|                   s4                             |     0.003 |
|             r6                                   |     0.043 |
|               t0                                 |     0.010 |
|                 t0                               |     0.005 |
|                   s0                             |     0.002 |
|                   s4                             |     0.003 |
|                 t2                               |     0.005 |
|                   s0                             |     0.002 |
|                   s4                             |     0.003 |
|               t1                                 |     0.010 |
|                 t0                               |     0.005 |
|                   s0                             |     0.002 |
|                   s4                             |     0.003 |
|                 t2                               |     0.005 |
|                   s0                             |     0.002 |
|                   s4                             |     0.003 |
|               t2                                 |     0.010 |
|                 t0                               |     0.005 |
|                   s0                             |     0.002 |
|                   s4                             |     0.003 |
|                 t2                               |     0.005 |
|                   s0                             |     0.002 |
|                   s4                             |     0.003 |
|               t3                                 |     0.010 |
|                 t0                               |     0.005 |
|                   s0                             |     0.002 |
|                   s4                             |     0.003 |
|                 t2                               |     0.005 |
|                   s0                             |     0.002 |
|                   s4                             |     0.003 |
|             r7                                   |     0.043 |
|               t0                                 |     0.010 |
|                 t0                               |     0.005 |
|                   s0                             |     0.002 |
|                   s4                             |     0.003 |
|                 t2                               |     0.005 |
|                   s0                             |     0.002 |
|                   s4                             |     0.003 |
|               t1                                 |     0.010 |
|                 t0                               |     0.005 |
|                   s0                             |     0.002 |
|                   s4                             |     0.003 |
|                 t2                               |     0.005 |
|                   s0                             |     0.002 |
|                   s4                             |     0.003 |
|               t2                                 |     0.010 |
|                 t0                               |     0.005 |
|                   s0                             |     0.002 |
|                   s4                             |     0.003 |
|                 t2                               |     0.005 |
|                   s0                             |     0.002 |
|                   s4                             |     0.003 |
|               t3                                 |     0.010 |
|                 t0                               |     0.005 |
|                   s0                             |     0.002 |
|                   s4                             |     0.003 |
|                 t2                               |     0.005 |
|                   s0                             |     0.002 |
|                   s4                             |     0.003 |
|             r8                                   |     0.044 |
|               t0                                 |     0.010 |
|                 t0                               |     0.005 |
|                   s0                             |     0.002 |
|                   s4                             |     0.003 |
|                 t2                               |     0.005 |
|                   s0                             |     0.002 |
|                   s4                             |     0.003 |
|               t1                                 |     0.010 |
|                 t0                               |     0.005 |
|                   s0                             |     0.002 |
|                   s4                             |     0.003 |
|                 t2                               |     0.005 |
|                   s0                             |     0.002 |
|                   s4                             |     0.003 |
|               t2                                 |     0.010 |
|                 t0                               |     0.005 |
|                   s0                             |     0.002 |
|                   s4                             |     0.003 |
|                 t2                               |     0.005 |
|                   s0                             |     0.002 |
|                   s4                             |     0.003 |
|               t3                                 |     0.010 |
|                 t0                               |     0.005 |
|                   s0                             |     0.002 |
|                   s4                             |     0.003 |
|                 t2                               |     0.005 |
|                   s0                             |     0.002 |
|                   s4                             |     0.003 |
|             r9                                   |     0.026 |
|               t0                                 |     0.006 |
|                 t0                               |     0.003 |
|                   s0                             |     0.002 |
|                   s4                             |    <0.001 |
|                 t2                               |     0.003 |
|                   s0                             |     0.002 |
|                   s4                             |    <0.001 |
|               t1                                 |     0.005 |
|                 t0                               |     0.002 |
|                   s0                             |     0.001 |
|                   s4                             |    <0.001 |
|                 t2                               |     0.003 |
|                   s0                             |     0.002 |
|                   s4                             |    <0.001 |
|               t2                                 |     0.005 |
|                 t0                               |     0.002 |
|                   s0                             |     0.001 |
|                   s4                             |    <0.001 |
|                 t2                               |     0.003 |
|                   s0                             |     0.002 |
|                   s4                             |    <0.001 |
|               t3                                 |     0.006 |
|                 t0                               |     0.003 |
|                   s0                             |     0.002 |
|                   s4                             |    <0.001 |
|                 t2                               |     0.003 |
|                   s0                             |     0.002 |
|                   s4                             |    <0.001 |
|             rf                                   |     0.021 |
|               S4_1                               |     0.004 |
|                 S_1                              |     0.002 |
|                 S_3                              |     0.002 |
|               S4_2                               |     0.005 |
|                 S_1                              |     0.002 |
|                 S_3                              |     0.002 |
|               S4_3                               |     0.005 |
|                 S_1                              |     0.002 |
|                 S_3                              |     0.002 |
|               S4_4                               |     0.004 |
|                 S_1                              |     0.002 |
|                 S_3                              |     0.002 |
|     processing_system7_0                         |     1.257 |
|       inst                                       |     1.257 |
|     ps7_0_axi_periph                             |     0.005 |
|       s00_couplers                               |     0.005 |
|         auto_pc                                  |     0.005 |
|           inst                                   |     0.005 |
|             gen_axilite.gen_b2s_conv.axilite_b2s |     0.005 |
|               RD.ar_channel_0                    |     0.001 |
|                 ar_cmd_fsm_0                     |    <0.001 |
|                 cmd_translator_0                 |    <0.001 |
|                   incr_cmd_0                     |    <0.001 |
|                   wrap_cmd_0                     |    <0.001 |
|               RD.r_channel_0                     |     0.001 |
|                 rd_data_fifo_0                   |    <0.001 |
|                 transaction_fifo_0               |    <0.001 |
|               SI_REG                             |     0.002 |
|                 ar.ar_pipe                       |    <0.001 |
|                 aw.aw_pipe                       |    <0.001 |
|                 b.b_pipe                         |    <0.001 |
|                 r.r_pipe                         |    <0.001 |
|               WR.aw_channel_0                    |    <0.001 |
|                 aw_cmd_fsm_0                     |    <0.001 |
|                 cmd_translator_0                 |    <0.001 |
|                   incr_cmd_0                     |    <0.001 |
|                   wrap_cmd_0                     |    <0.001 |
|               WR.b_channel_0                     |    <0.001 |
|                 bid_fifo_0                       |    <0.001 |
|                 bresp_fifo_0                     |    <0.001 |
|     rst_ps7_0_100M                               |    <0.001 |
|       U0                                         |    <0.001 |
|         EXT_LPF                                  |    <0.001 |
|           ACTIVE_LOW_AUX.ACT_LO_AUX              |    <0.001 |
|           ACTIVE_LOW_EXT.ACT_LO_EXT              |    <0.001 |
|         SEQ                                      |    <0.001 |
|           SEQ_COUNTER                            |    <0.001 |
+--------------------------------------------------+-----------+


